
> healpoint-backend@1.0.0 start
> node app.js

HealPoint API running at http://localhost:4000
[0mPOST /api/auth/login [32m200[0m 76.626 ms - 310[0m
[0mPOST /api/auth/login [32m200[0m 66.830 ms - 318[0m
[0mPOST /api/appointments [32m201[0m 156.303 ms - 471[0m
[0mGET /api/appointments [32m200[0m 1.834 ms - 473[0m
[0mGET /api/appointments [32m200[0m 1.919 ms - 10203[0m
[0mGET /api/admin/insights [33m403[0m 0.770 ms - 38[0m
[0mGET /api/appointments [32m200[0m 2.653 ms - 473[0m
[0mGET /api/doctors [36m304[0m 2.680 ms - -[0m
[0mGET /api/facilities [36m304[0m 2.128 ms - -[0m
[0mGET /api/medical-records?userId=user-1 [36m304[0m 2.666 ms - -[0m
[0mGET /api/appointments [36m304[0m 2.513 ms - -[0m
[0mGET /api/doctors [36m304[0m 2.002 ms - -[0m
[0mGET /api/facilities [36m304[0m 1.612 ms - -[0m
[0mGET /api/medical-records?userId=user-1 [36m304[0m 3.150 ms - -[0m
[0mPOST /api/auth/login [32m200[0m 74.199 ms - 310[0m
[0mGET /api/appointments [36m304[0m 3.218 ms - -[0m
[0mGET /api/doctors [36m304[0m 1.865 ms - -[0m
[0mGET /api/facilities [36m304[0m 1.664 ms - -[0m
[0mGET /api/medical-records?userId=user-1 [36m304[0m 2.207 ms - -[0m
[0mGET /api/appointments [36m304[0m 1.885 ms - -[0m
[0mGET /api/doctors [36m304[0m 2.263 ms - -[0m
[0mGET /api/facilities [36m304[0m 2.073 ms - -[0m
[0mGET /api/medical-records?userId=user-1 [36m304[0m 1.717 ms - -[0m
[0mPOST /api/auth/login [32m200[0m 65.856 ms - 318[0m
[0mGET /api/appointments [32m200[0m 2.086 ms - 10203[0m
[0mGET /api/appointments [36m304[0m 2.602 ms - -[0m
[0mGET /api/doctors [36m304[0m 1.978 ms - -[0m
[0mGET /api/facilities [36m304[0m 1.993 ms - -[0m
[0mGET /api/admin/insights [32m200[0m 4.841 ms - 473[0m
[0mGET /api/doctors [36m304[0m 1.799 ms - -[0m
[0mGET /api/facilities [36m304[0m 3.992 ms - -[0m
[0mGET /api/admin/insights [36m304[0m 3.446 ms - -[0m
[0mGET /api/appointments [36m304[0m 2.376 ms - -[0m
[0mGET /api/doctors [36m304[0m 1.592 ms - -[0m
[0mGET /api/facilities [36m304[0m 1.544 ms - -[0m
[0mGET /api/admin/insights [36m304[0m 2.107 ms - -[0m
[0mGET /api/appointments [36m304[0m 2.200 ms - -[0m
[0mGET /api/doctors [36m304[0m 1.436 ms - -[0m
[0mGET /api/facilities [36m304[0m 1.920 ms - -[0m
[0mGET /api/admin/insights [36m304[0m 1.813 ms - -[0m
[0mGET /api/appointments [36m304[0m 1.706 ms - -[0m
[0mGET /api/doctors [36m304[0m 2.177 ms - -[0m
[0mGET /api/facilities [36m304[0m 1.555 ms - -[0m
[0mGET /api/admin/insights [36m304[0m 1.741 ms - -[0m
[0mGET /api/appointments [36m304[0m 2.007 ms - -[0m
[0mGET /api/doctors [36m304[0m 2.309 ms - -[0m
[0mGET /api/facilities [36m304[0m 1.401 ms - -[0m
[0mGET /api/admin/insights [36m304[0m 2.890 ms - -[0m
[0mGET /api/appointments [36m304[0m 2.345 ms - -[0m
[0mGET /api/doctors [36m304[0m 1.563 ms - -[0m
[0mGET /api/facilities [36m304[0m 1.835 ms - -[0m
[0mGET /api/admin/insights [36m304[0m 2.773 ms - -[0m
[0mGET /api/appointments [36m304[0m 2.220 ms - -[0m
[0mGET /api/doctors [36m304[0m 1.831 ms - -[0m
[0mGET /api/facilities [36m304[0m 1.612 ms - -[0m
[0mGET /api/admin/insights [36m304[0m 1.757 ms - -[0m
[0mGET /api/appointments [32m200[0m 1.772 ms - 473[0m
[0mGET /api/doctors [36m304[0m 1.532 ms - -[0m
[0mGET /api/facilities [36m304[0m 2.410 ms - -[0m
[0mGET /api/medical-records?userId=user-1 [36m304[0m 1.950 ms - -[0m
[0mGET /api/appointments [36m304[0m 2.074 ms - -[0m
[0mGET /api/doctors [36m304[0m 1.920 ms - -[0m
[0mGET /api/facilities [36m304[0m 1.862 ms - -[0m
[0mGET /api/medical-records?userId=user-1 [36m304[0m 2.511 ms - -[0m
[0mGET /api/appointments [36m304[0m 2.719 ms - -[0m
[0mGET /api/doctors [36m304[0m 1.716 ms - -[0m
[0mGET /api/facilities [36m304[0m 2.256 ms - -[0m
[0mGET /api/medical-records?userId=user-1 [36m304[0m 2.142 ms - -[0m
[0mGET /api/appointments [36m304[0m 2.467 ms - -[0m
[0mGET /api/doctors [36m304[0m 1.356 ms - -[0m
[0mGET /api/facilities [36m304[0m 1.866 ms - -[0m
[0mGET /api/medical-records?userId=user-1 [36m304[0m 2.325 ms - -[0m
[0mGET /api/doctors [36m304[0m 1.434 ms - -[0m
[0mGET /api/facilities [36m304[0m 1.765 ms - -[0m
[0mGET /api/appointments [36m304[0m 2.119 ms - -[0m
[0mGET /api/admin/insights [36m304[0m 2.678 ms - -[0m
[0mGET /api/doctors [36m304[0m 1.118 ms - -[0m
[0mGET /api/facilities [36m304[0m 2.037 ms - -[0m
[0mGET /api/doctors [36m304[0m 2.052 ms - -[0m
[0mGET /api/facilities [36m304[0m 2.415 ms - -[0m
[0mGET /api/appointments [36m304[0m 2.567 ms - -[0m
[0mGET /api/admin/insights [36m304[0m 2.185 ms - -[0m
[0mGET /api/doctors [36m304[0m 1.884 ms - -[0m
[0mGET /api/facilities [36m304[0m 2.202 ms - -[0m
[0mGET /api/doctors [36m304[0m 1.243 ms - -[0m
[0mGET /api/facilities [36m304[0m 1.440 ms - -[0m
[0mGET /api/appointments [36m304[0m 1.728 ms - -[0m
[0mGET /api/admin/insights [36m304[0m 2.494 ms - -[0m
[0mGET /api/doctors [36m304[0m 1.652 ms - -[0m
[0mGET /api/facilities [36m304[0m 1.430 ms - -[0m
[0mGET /api/doctors [36m304[0m 3.651 ms - -[0m
[0mGET /api/facilities [36m304[0m 2.041 ms - -[0m
[0mGET /api/appointments [36m304[0m 3.678 ms - -[0m
[0mGET /api/admin/insights [36m304[0m 4.146 ms - -[0m
[0mGET /api/doctors [36m304[0m 2.213 ms - -[0m
[0mGET /api/facilities [36m304[0m 2.540 ms - -[0m
[0mGET /api/appointments [36m304[0m 3.089 ms - -[0m
[0mGET /api/admin/insights [36m304[0m 3.303 ms - -[0m
[0mPOST /api/auth/login [32m200[0m 68.629 ms - 310[0m
[0mGET /api/doctors [36m304[0m 1.346 ms - -[0m
[0mGET /api/facilities [36m304[0m 1.753 ms - -[0m
[0mGET /api/appointments [32m200[0m 1.843 ms - 473[0m
[0mGET /api/medical-records?userId=user-1 [36m304[0m 2.533 ms - -[0m
[0mGET /api/doctors [36m304[0m 2.600 ms - -[0m
[0mGET /api/facilities [36m304[0m 2.329 ms - -[0m
[0mGET /api/appointments [36m304[0m 3.980 ms - -[0m
[0mGET /api/medical-records?userId=user-1 [36m304[0m 4.468 ms - -[0m
[0mGET /api/doctors [36m304[0m 2.390 ms - -[0m
[0mGET /api/facilities [36m304[0m 2.000 ms - -[0m
[0mPOST /api/auth/login [32m200[0m 64.601 ms - 310[0m
[0mGET /api/doctors [36m304[0m 1.304 ms - -[0m
[0mGET /api/facilities [36m304[0m 1.420 ms - -[0m
[0mGET /api/appointments [36m304[0m 3.187 ms - -[0m
[0mGET /api/medical-records?userId=user-1 [36m304[0m 3.411 ms - -[0m
[0mGET /api/doctors [36m304[0m 1.652 ms - -[0m
[0mGET /api/facilities [36m304[0m 1.898 ms - -[0m
[0mGET /api/appointments [36m304[0m 3.516 ms - -[0m
[0mGET /api/medical-records?userId=user-1 [36m304[0m 2.964 ms - -[0m
[0mGET /api/doctors [36m304[0m 1.333 ms - -[0m
[0mGET /api/facilities [36m304[0m 1.593 ms - -[0m
[0mPOST /api/auth/register [32m201[0m 71.229 ms - 91[0m
[0mPOST /api/auth/login [32m200[0m 72.186 ms - 328[0m
[0mGET /api/doctors [36m304[0m 1.212 ms - -[0m
[0mGET /api/facilities [36m304[0m 1.742 ms - -[0m
[0mGET /api/medical-records?userId=user-4 [32m200[0m 1.456 ms - 2[0m
[0mGET /api/appointments [32m200[0m 2.449 ms - 2[0m
[0mPOST /api/ai/predict-no-show [32m200[0m 116.514 ms - 153[0m
[0mPOST /api/appointments [32m201[0m 115.762 ms - 465[0m
[0mGET /api/doctors [36m304[0m 2.889 ms - -[0m
[0mGET /api/facilities [36m304[0m 2.715 ms - -[0m
[0mGET /api/appointments [32m200[0m 2.730 ms - 467[0m
[0mGET /api/medical-records?userId=user-4 [36m304[0m 2.434 ms - -[0m
[0mPOST /api/auth/login [32m200[0m 63.259 ms - 310[0m
[0mGET /api/doctors [36m304[0m 1.115 ms - -[0m
[0mGET /api/facilities [36m304[0m 1.729 ms - -[0m
[0mGET /api/appointments [32m200[0m 2.171 ms - 473[0m
[0mGET /api/medical-records?userId=user-1 [36m304[0m 2.002 ms - -[0m
[0mPOST /api/ai/predict-no-show [32m200[0m 99.320 ms - 141[0m
[0mPOST /api/appointments [32m201[0m 106.139 ms - 455[0m
[0mGET /api/doctors [36m304[0m 1.476 ms - -[0m
[0mGET /api/facilities [36m304[0m 1.269 ms - -[0m
[0mGET /api/appointments [32m200[0m 2.098 ms - 929[0m
[0mGET /api/medical-records?userId=user-1 [36m304[0m 1.741 ms - -[0m
[0mPOST /api/ai/predict-no-show [32m200[0m 142.161 ms - 141[0m
[0mPOST /api/appointments [32m201[0m 146.775 ms - 456[0m
[0mGET /api/doctors [36m304[0m 1.268 ms - -[0m
[0mGET /api/facilities [36m304[0m 1.430 ms - -[0m
[0mGET /api/appointments [32m200[0m 2.367 ms - 1386[0m
[0mGET /api/medical-records?userId=user-1 [36m304[0m 2.220 ms - -[0m
[0mPOST /api/ai/predict-no-show [32m200[0m 114.964 ms - 153[0m
[0mPOST /api/appointments [32m201[0m 105.891 ms - 463[0m
[0mGET /api/doctors [36m304[0m 1.137 ms - -[0m
[0mGET /api/facilities [36m304[0m 1.607 ms - -[0m
[0mGET /api/appointments [32m200[0m 1.731 ms - 1850[0m
[0mGET /api/medical-records?userId=user-1 [36m304[0m 1.592 ms - -[0m
[0mPOST /api/ai/predict-no-show [32m200[0m 104.266 ms - 153[0m
[0mPOST /api/appointments [32m201[0m 102.408 ms - 464[0m
[0mGET /api/doctors [36m304[0m 1.325 ms - -[0m
[0mGET /api/facilities [36m304[0m 1.334 ms - -[0m
[0mGET /api/appointments [32m200[0m 2.006 ms - 2315[0m
[0mGET /api/medical-records?userId=user-1 [36m304[0m 1.848 ms - -[0m
[0mPOST /api/ai/predict-no-show [32m200[0m 105.671 ms - 153[0m
[0mPOST /api/appointments [32m201[0m 100.209 ms - 464[0m
[0mGET /api/doctors [36m304[0m 1.548 ms - -[0m
[0mGET /api/facilities [36m304[0m 1.507 ms - -[0m
[0mGET /api/appointments [32m200[0m 2.013 ms - 2780[0m
[0mGET /api/medical-records?userId=user-1 [36m304[0m 1.835 ms - -[0m
[0mPOST /api/ai/predict-no-show [32m200[0m 102.098 ms - 141[0m
[0mPOST /api/appointments [32m201[0m 105.824 ms - 460[0m
[0mGET /api/doctors [36m304[0m 1.317 ms - -[0m
[0mGET /api/facilities [36m304[0m 1.961 ms - -[0m
[0mGET /api/appointments [32m200[0m 1.924 ms - 3241[0m
[0mGET /api/medical-records?userId=user-1 [36m304[0m 1.996 ms - -[0m
[0mPOST /api/ai/predict-no-show [32m200[0m 98.443 ms - 153[0m
[0mPOST /api/appointments [32m201[0m 111.741 ms - 463[0m
[0mGET /api/doctors [36m304[0m 1.298 ms - -[0m
[0mGET /api/facilities [36m304[0m 1.520 ms - -[0m
[0mGET /api/appointments [32m200[0m 1.747 ms - 3705[0m
[0mGET /api/medical-records?userId=user-1 [36m304[0m 1.938 ms - -[0m
[0mPOST /api/ai/predict-no-show [32m200[0m 111.298 ms - 153[0m
[0mPOST /api/appointments [32m201[0m 103.834 ms - 463[0m
[0mGET /api/doctors [36m304[0m 1.380 ms - -[0m
[0mGET /api/facilities [36m304[0m 1.334 ms - -[0m
[0mGET /api/appointments [32m200[0m 1.407 ms - 4169[0m
[0mGET /api/medical-records?userId=user-1 [36m304[0m 1.621 ms - -[0m
[0mPOST /api/ai/predict-no-show [32m200[0m 96.341 ms - 153[0m
[0mPOST /api/appointments [32m201[0m 98.042 ms - 463[0m
[0mGET /api/doctors [36m304[0m 1.339 ms - -[0m
[0mGET /api/facilities [36m304[0m 1.616 ms - -[0m
[0mGET /api/appointments [32m200[0m 1.778 ms - 4633[0m
[0mGET /api/medical-records?userId=user-1 [36m304[0m 1.683 ms - -[0m
[0mPOST /api/auth/login [32m200[0m 71.055 ms - 310[0m
[0mGET /api/doctors [36m304[0m 1.132 ms - -[0m
[0mGET /api/facilities [36m304[0m 2.126 ms - -[0m
[0mGET /api/appointments [36m304[0m 1.762 ms - -[0m
[0mGET /api/medical-records?userId=user-1 [36m304[0m 1.721 ms - -[0m
